// Jest Snapshot v1, https://goo.gl/fbAQLP

exports[`parse html should parse html 1`] = `
ElementNode {
  "attributes": Object {},
  "children": Array [
    TextNode {
      "textContent": "
			",
      "type": 1,
    },
    ElementNode {
      "attributes": Object {
        "test": "a",
      },
      "children": Array [
        TextNode {
          "textContent": "hello",
          "type": 1,
        },
      ],
      "name": "div",
      "type": 0,
    },
    TextNode {
      "textContent": "
		",
      "type": 1,
    },
  ],
  "name": "html",
  "type": 0,
}
`;
