// Jest Snapshot v1, https://goo.gl/fbAQLP

exports[`auto track should insert track method 1`] = `
"import _tracker2 from \\"tracker\\";
import aa from 'aa';
import * as bb from 'bb';
import { cc } from 'cc';
import 'dd';

function a() {
  tracker();
  console.log('aaa');
}

class B {
  bb() {
    tracker();
    return 'bbb';
  }

}

const c = () => {
  _tracker2();

  return 'ccc';
};

const d = function () {
  tracker();
  console.log('ddd');
};"
`;
