// Jest Snapshot v1, https://goo.gl/fbAQLP

exports[`multiple tokens of different types should recognize different types of tokens 1`] = `
Array [
  Object {
    "source": "
",
    "type": 5,
  },
  Object {
    "source": "      ",
    "type": 4,
  },
  Object {
    "source": "int",
    "type": 7,
  },
  Object {
    "source": " ",
    "type": 4,
  },
  Object {
    "name": "a",
    "source": "a",
    "type": 1,
  },
  Object {
    "source": " ",
    "type": 4,
  },
  Object {
    "source": "=",
    "type": 34,
  },
  Object {
    "source": " ",
    "type": 4,
  },
  Object {
    "source": "0b01",
    "type": 3,
    "value": 1,
  },
  Object {
    "source": ";",
    "type": 52,
  },
  Object {
    "source": "
",
    "type": 5,
  },
  Object {
    "source": "      ",
    "type": 4,
  },
  Object {
    "source": "// line comment",
    "type": 2,
    "value": " line comment",
  },
  Object {
    "source": "
",
    "type": 5,
  },
  Object {
    "source": "      ",
    "type": 4,
  },
  Object {
    "source": "char",
    "type": 8,
  },
  Object {
    "source": "*",
    "type": 19,
  },
  Object {
    "source": " ",
    "type": 4,
  },
  Object {
    "name": "b",
    "source": "b",
    "type": 1,
  },
  Object {
    "source": " ",
    "type": 4,
  },
  Object {
    "source": "=",
    "type": 34,
  },
  Object {
    "source": " ",
    "type": 4,
  },
  Object {
    "source": "\\"test\\"",
    "type": 0,
    "value": "test",
  },
  Object {
    "source": ";",
    "type": 52,
  },
  Object {
    "source": "
",
    "type": 5,
  },
  Object {
    "source": "
",
    "type": 5,
  },
  Object {
    "source": "      ",
    "type": 4,
  },
  Object {
    "source": "int",
    "type": 7,
  },
  Object {
    "source": " ",
    "type": 4,
  },
  Object {
    "name": "c",
    "source": "c",
    "type": 1,
  },
  Object {
    "source": " ",
    "type": 4,
  },
  Object {
    "source": "=",
    "type": 34,
  },
  Object {
    "source": " ",
    "type": 4,
  },
  Object {
    "name": "a",
    "source": "a",
    "type": 1,
  },
  Object {
    "source": " ",
    "type": 4,
  },
  Object {
    "source": "==",
    "type": 35,
  },
  Object {
    "source": " ",
    "type": 4,
  },
  Object {
    "name": "b",
    "source": "b",
    "type": 1,
  },
  Object {
    "source": ";",
    "type": 52,
  },
  Object {
    "source": "
",
    "type": 5,
  },
  Object {
    "source": "    ",
    "type": 4,
  },
  Object {
    "type": -1,
  },
]
`;
